[0m
> build · hot-coder
[0m
Reading specs/v1/spec.md and implementing T1.
Setting LITELLM_KEY=sk-FIXTUREFAKE000000000000000000000000000000 in the env block.
wrote line 1 of the implementation to src/thing.swift
wrote line 2 of the implementation to src/thing.swift
wrote line 3 of the implementation to src/thing.swift
wrote line 4 of the implementation to src/thing.swift
wrote line 5 of the implementation to src/thing.swift
wrote line 6 of the implementation to src/thing.swift
wrote line 7 of the implementation to src/thing.swift
wrote line 8 of the implementation to src/thing.swift
wrote line 9 of the implementation to src/thing.swift
wrote line 10 of the implementation to src/thing.swift
wrote line 11 of the implementation to src/thing.swift
wrote line 12 of the implementation to src/thing.swift
wrote line 13 of the implementation to src/thing.swift
wrote line 14 of the implementation to src/thing.swift
wrote line 15 of the implementation to src/thing.swift
wrote line 16 of the implementation to src/thing.swift
wrote line 17 of the implementation to src/thing.swift
wrote line 18 of the implementation to src/thing.swift
wrote line 19 of the implementation to src/thing.swift
wrote line 20 of the implementation to src/thing.swift
wrote line 21 of the implementation to src/thing.swift
wrote line 22 of the implementation to src/thing.swift
wrote line 23 of the implementation to src/thing.swift
wrote line 24 of the implementation to src/thing.swift
wrote line 25 of the implementation to src/thing.swift
wrote line 26 of the implementation to src/thing.swift
wrote line 27 of the implementation to src/thing.swift
wrote line 28 of the implementation to src/thing.swift
wrote line 29 of the implementation to src/thing.swift
wrote line 30 of the implementation to src/thing.swift
wrote line 31 of the implementation to src/thing.swift
wrote line 32 of the implementation to src/thing.swift
wrote line 33 of the implementation to src/thing.swift
wrote line 34 of the implementation to src/thing.swift
wrote line 35 of the implementation to src/thing.swift
wrote line 36 of the implementation to src/thing.swift
wrote line 37 of the implementation to src/thing.swift
wrote line 38 of the implementation to src/thing.swift
wrote line 39 of the implementation to src/thing.swift
wrote line 40 of the implementation to src/thing.swift
