[0m
> build · hot-coder
[0m
I'll implement the package as specified. Let me first read the spec.
[0m→ [0mRead specs/v1/spec.md
[93m[1m! [0mpermission requested: bash (ls -la);
waiting on approval for tool call 1
waiting on approval for tool call 2
waiting on approval for tool call 3
waiting on approval for tool call 4
waiting on approval for tool call 5
waiting on approval for tool call 6
waiting on approval for tool call 7
waiting on approval for tool call 8
waiting on approval for tool call 9
waiting on approval for tool call 10
waiting on approval for tool call 11
waiting on approval for tool call 12
waiting on approval for tool call 13
waiting on approval for tool call 14
waiting on approval for tool call 15
waiting on approval for tool call 16
waiting on approval for tool call 17
waiting on approval for tool call 18
waiting on approval for tool call 19
waiting on approval for tool call 20
waiting on approval for tool call 21
waiting on approval for tool call 22
waiting on approval for tool call 23
waiting on approval for tool call 24
waiting on approval for tool call 25
